Loading composer repositories with package information
Updating dependencies
Your requirements could not be resolved to an installable set of packages.

  Problem 1
    - Root composer.json requires kreait/laravel-firebase ^5.9 -> satisfiable by kreait/laravel-firebase[5.9.0, 5.9.1, 5.10.0].
    - Root composer.json requires laravel/framework ^12.0 -> satisfiable by laravel/framework[v12.1.1, ..., v12.58.0].
    - kreait/laravel-firebase[5.9.0, ..., 5.10.0] require illuminate/support ^9.0 || ^10.0 || ^11.0 -> satisfiable by illuminate/support[v9.0.0, ..., v9.52.16, v10.0.0, ..., v10.49.0, v11.0.0, ..., v11.51.0].
    - Conclusion: don't install laravel/framework v12.2.0 (conflict analysis result)
    - Conclusion: don't install laravel/framework v12.3.0 (conflict analysis result)
    - Conclusion: don't install laravel/framework v12.4.0 (conflict analysis result)
    - Conclusion: don't install laravel/framework v12.4.1 (conflict analysis result)
    - Conclusion: don't install laravel/framework v12.5.0 (conflict analysis result)
    - Conclusion: don't install laravel/framework v12.6.0 (conflict analysis result)
    - Conclusion: don't install laravel/framework v12.7.0 (conflict analysis result)
    - Conclusion: don't install laravel/framework v12.7.1 (conflict analysis result)
    - Conclusion: don't install laravel/framework v12.7.2 (conflict analysis result)
    - Conclusion: don't install laravel/framework v12.8.0 (conflict analysis result)
    - Conclusion: don't install laravel/framework v12.8.1 (conflict analysis result)
    - Conclusion: don't install laravel/framework v12.9.0 (conflict analysis result)
    - Conclusion: don't install laravel/framework v12.9.1 (conflict analysis result)
    - Conclusion: don't install laravel/framework v12.9.2 (conflict analysis result)
    - Conclusion: don't install laravel/framework v12.10.0 (conflict analysis result)
    - Conclusion: don't install laravel/framework v12.10.1 (conflict analysis result)
    - Conclusion: don't install laravel/framework v12.10.2 (conflict analysis result)
    - Conclusion: don't install laravel/framework v12.11.0 (conflict analysis result)
    - Conclusion: don't install laravel/framework v12.11.1 (conflict analysis result)
    - Conclusion: don't install laravel/framework v12.12.0 (conflict analysis result)
    - Conclusion: don't install laravel/framework v12.13.0 (conflict analysis result)
    - Conclusion: don't install laravel/framework v12.14.0 (conflict analysis result)
    - Conclusion: don't install laravel/framework v12.14.1 (conflict analysis result)
    - Conclusion: don't install laravel/framework v12.15.0 (conflict analysis result)
    - Conclusion: don't install laravel/framework v12.16.0 (conflict analysis result)
    - Conclusion: don't install laravel/framework v12.17.0 (conflict analysis result)
    - Conclusion: don't install laravel/framework v12.18.0 (conflict analysis result)
    - Conclusion: don't install laravel/framework v12.19.0 (conflict analysis result)
    - Conclusion: don't install laravel/framework v12.19.1 (conflict analysis result)
    - Conclusion: don't install laravel/framework v12.19.2 (conflict analysis result)
    - Conclusion: don't install laravel/framework v12.19.3 (conflict analysis result)
    - Conclusion: don't install laravel/framework v12.20.0 (conflict analysis result)
    - Conclusion: don't install laravel/framework v12.21.0 (conflict analysis result)
    - Conclusion: don't install laravel/framework v12.22.0 (conflict analysis result)
    - Conclusion: don't install laravel/framework v12.22.1 (conflict analysis result)
    - Conclusion: don't install laravel/framework v12.23.0 (conflict analysis result)
    - Conclusion: don't install laravel/framework v12.23.1 (conflict analysis result)
    - Conclusion: don't install laravel/framework v12.24.0 (conflict analysis result)
    - Conclusion: don't install laravel/framework v12.25.0 (conflict analysis result)
    - Conclusion: don't install laravel/framework v12.26.0 (conflict analysis result)
    - Conclusion: don't install laravel/framework v12.26.1 (conflict analysis result)
    - Conclusion: don't install laravel/framework v12.26.2 (conflict analysis result)
    - Conclusion: don't install laravel/framework v12.26.3 (conflict analysis result)
    - Conclusion: don't install laravel/framework v12.26.4 (conflict analysis result)
    - Conclusion: don't install laravel/framework v12.27.0 (conflict analysis result)
    - Conclusion: don't install laravel/framework v12.27.1 (conflict analysis result)
    - Conclusion: don't install laravel/framework v12.28.0 (conflict analysis result)
    - Conclusion: don't install laravel/framework v12.28.1 (conflict analysis result)
    - Conclusion: don't install laravel/framework v12.29.0 (conflict analysis result)
    - Conclusion: don't install laravel/framework v12.30.0 (conflict analysis result)
    - Conclusion: don't install laravel/framework v12.30.1 (conflict analysis result)
    - Conclusion: don't install laravel/framework v12.31.0 (conflict analysis result)
    - Conclusion: don't install laravel/framework v12.31.1 (conflict analysis result)
    - Conclusion: don't install laravel/framework v12.32.0 (conflict analysis result)
    - Conclusion: don't install laravel/framework v12.32.1 (conflict analysis result)
    - Conclusion: don't install laravel/framework v12.32.2 (conflict analysis result)
    - Conclusion: don't install laravel/framework v12.32.3 (conflict analysis result)
    - Conclusion: don't install laravel/framework v12.32.4 (conflict analysis result)
    - Conclusion: don't install laravel/framework v12.32.5 (conflict analysis result)
    - Conclusion: don't install laravel/framework v12.33.0 (conflict analysis result)
    - Conclusion: don't install laravel/framework v12.34.0 (conflict analysis result)
    - Conclusion: don't install laravel/framework v12.35.0 (conflict analysis result)
    - Conclusion: don't install laravel/framework v12.35.1 (conflict analysis result)
    - Conclusion: don't install laravel/framework v12.36.0 (conflict analysis result)
    - Conclusion: don't install laravel/framework v12.36.1 (conflict analysis result)
    - Conclusion: don't install laravel/framework v12.37.0 (conflict analysis result)
    - Conclusion: don't install laravel/framework v12.38.0 (conflict analysis result)
    - Conclusion: don't install laravel/framework v12.38.1 (conflict analysis result)
    - Conclusion: don't install laravel/framework v12.39.0 (conflict analysis result)
    - Conclusion: don't install laravel/framework v12.40.0 (conflict analysis result)
    - Conclusion: don't install laravel/framework v12.40.1 (conflict analysis result)
    - Conclusion: don't install laravel/framework v12.40.2 (conflict analysis result)
    - Conclusion: don't install laravel/framework v12.41.0 (conflict analysis result)
    - Conclusion: don't install laravel/framework v12.41.1 (conflict analysis result)
    - Conclusion: don't install laravel/framework v12.42.0 (conflict analysis result)
    - Conclusion: don't install laravel/framework v12.43.0 (conflict analysis result)
    - Conclusion: don't install laravel/framework v12.43.1 (conflict analysis result)
    - Conclusion: don't install laravel/framework v12.44.0 (conflict analysis result)
    - Conclusion: don't install laravel/framework v12.45.0 (conflict analysis result)
    - Conclusion: don't install laravel/framework v12.45.1 (conflict analysis result)
    - Conclusion: don't install laravel/framework v12.45.2 (conflict analysis result)
    - Conclusion: don't install laravel/framework v12.46.0 (conflict analysis result)
    - Conclusion: don't install laravel/framework v12.47.0 (conflict analysis result)
    - Conclusion: don't install laravel/framework v12.48.0 (conflict analysis result)
    - Conclusion: don't install laravel/framework v12.48.1 (conflict analysis result)
    - Conclusion: don't install laravel/framework v12.49.0 (conflict analysis result)
    - Conclusion: don't install laravel/framework v12.50.0 (conflict analysis result)
    - Conclusion: don't install laravel/framework v12.51.0 (conflict analysis result)
    - Conclusion: don't install laravel/framework v12.52.0 (conflict analysis result)
    - Conclusion: don't install laravel/framework v12.53.0 (conflict analysis result)
    - Conclusion: don't install laravel/framework v12.54.0 (conflict analysis result)
    - Conclusion: don't install laravel/framework v12.54.1 (conflict analysis result)
    - Conclusion: don't install laravel/framework v12.55.0 (conflict analysis result)
    - Conclusion: don't install laravel/framework v12.55.1 (conflict analysis result)
    - Conclusion: don't install laravel/framework v12.56.0 (conflict analysis result)
    - Conclusion: don't install laravel/framework v12.57.0 (conflict analysis result)
    - Conclusion: don't install laravel/framework v12.58.0 (conflict analysis result)
    - Only one of these can be installed: illuminate/support[v6.0.0, ..., v6.20.44, v7.0.0, ..., v7.30.6, v8.0.0, ..., v8.83.27, v9.0.0, ..., v9.52.16, v10.0.0, ..., v10.49.0, v11.0.0, ..., v11.51.0, v12.0.0, ..., v12.58.0, v13.0.0, ..., v13.9.0], laravel/framework[v12.1.1, ..., v12.58.0]. laravel/framework replaces illuminate/support and thus cannot coexist with it.
    - Only one of these can be installed: illuminate/support[v11.0.0, ..., v11.51.0, v12.0.0, ..., v12.58.0, v13.0.0, ..., v13.9.0], laravel/framework[v12.1.1, ..., v12.58.0]. They all replace spatie/once and thus cannot coexist.

